/Users/runner/work/familienplaner/familienplaner/Sources/Persistence/HouseholdRemoval.swift:2:1: warning: add '@preconcurrency' to suppress 'Sendable'-related warnings from module 'CoreData'
/Users/runner/work/familienplaner/familienplaner/Sources/Persistence/HouseholdRemoval.swift:46:78: warning: capture of 'store' with non-Sendable type 'NSPersistentStore' in a '@Sendable' closure
2026-10-10 07:30:15.696 appintentsmetadataprocessor[18750:52243] warning: Metadata extraction skipped. No AppIntents.framework dependency found.
