2026-10-01 22:02:37.372 xcodebuild[4632:17217] [MT] IDEDistribution: -[IDEDistributionLogging _createLoggingBundleAtPath:]: Created bundle at path "/var/folders/36/tjdph2t965j8snz9_vkdnw0r0000gn/T/Familienplaner_2026-10-01_22-02-37.370.xcdistributionlogs".
2026-10-01 22:03:02.296 xcodebuild[4632:17217] Starting upload
2026-10-01 22:03:03.613 xcodebuild[4632:18664] Progress 0%: Making copy of ‘Familienplaner.ipa’…
2026-10-01 22:03:03.614 xcodebuild[4632:18664] Progress 0%: Making copy of ‘Familienplaner.ipa’…
2026-10-01 22:03:03.615 xcodebuild[4632:18664] Progress 0%: Preparing to upload ‘Familienplaner.ipa’…
2026-10-01 22:03:39.983 xcodebuild[4632:17219] Progress 0%: Analyzing package…
2026-10-01 22:03:40.972 xcodebuild[4632:17219] Progress 0%: Sending analysis to App Store Connect…
2026-10-01 22:03:42.445 xcodebuild[4632:18150] Progress 0%: Waiting for App Store Connect analysis response…
2026-10-01 22:03:43.986 xcodebuild[4632:18150] Progress 0%: Waiting for App Store Connect analysis response…
2026-10-01 22:04:05.591 xcodebuild[4632:17219] Progress 0%: Sending SPI analysis to App Store Connect…
2026-10-01 22:04:06.389 xcodebuild[4632:18150] Progress 0%: Waiting for App Store Connect SPI analysis response…
2026-10-01 22:04:07.977 xcodebuild[4632:18150] Progress 0%: Waiting for App Store Connect SPI analysis response…
2026-10-01 22:04:23.684 xcodebuild[4632:17219] Progress 0%: Requesting upload instructions from App Store Connect…
2026-10-01 22:04:24.531 xcodebuild[4632:17219] Progress 0%: Preparing file for upload to App Store Connect…
2026-10-01 22:04:24.555 xcodebuild[4632:17219] Progress 0%: Preparing file for upload to App Store Connect…
2026-10-01 22:04:24.557 xcodebuild[4632:17219] Progress 0%: Uploading to App Store Connect…
2026-10-01 22:04:24.588 xcodebuild[4632:17219] Progress 100%: Uploading to App Store Connect…
2026-10-01 22:04:24.589 xcodebuild[4632:17219] Progress 100%: Uploading to App Store Connect…
2026-10-01 22:04:24.913 xcodebuild[4632:17219] Progress 100%: Completing upload…
2026-10-01 22:04:26.117 xcodebuild[4632:17219] Progress 100%: Waiting for package to begin processing…
2026-10-01 22:04:26.252 xcodebuild[4632:17219] Progress 100%: Uploaded package is processing.
2026-10-01 22:04:26.257 xcodebuild[4632:17219] Progress 100%: Upload succeeded.
Uploaded Familienplaner
** EXPORT SUCCEEDED **

